../Core/Src/main.c:124:5:main	56	static
../Core/Src/main.c:223:6:SystemClock_Config	112	static
../Core/Src/main.c:272:13:MX_LPUART1_UART_Init	8	static
../Core/Src/main.c:306:13:MX_USART2_UART_Init	8	static
../Core/Src/main.c:342:13:MX_I2C1_Init	8	static
../Core/Src/main.c:368:13:MX_TIM2_Init	48	static
../Core/Src/main.c:427:13:MX_TIM22_Init	48	static
../Core/Src/main.c:490:13:MX_GPIO_Init	24	static
../Core/Src/main.c:506:10:mapValue	24	static
../Core/Src/main.c:511:10:constrainValue	24	static
../Core/Src/main.c:518:6:ESC_SetPulse_us	104	static
../Core/Src/main.c:539:6:handleESC	48	static
../Core/Src/main.c:581:6:UART_ProcessByte	16	static
../Core/Src/main.c:604:6:Data_debug	16	static
../Core/Src/main.c:609:6:HAL_UART_RxCpltCallback	16	static
../Core/Src/main.c:617:6:HAL_UART_ErrorCallback	24	static
../Core/Src/main.c:632:5:_write	24	static
../Core/Src/main.c:639:6:HAL_I2C_MspInit	48	static
../Core/Src/main.c:660:6:INA219_WriteCalibration	32	static
../Core/Src/main.c:674:6:UART2_SendTelemetry	24	static
../Core/Src/main.c:692:6:HAL_UART_TxCpltCallback	16	static
../Core/Src/main.c:709:6:Error_Handler	8	static,ignoring_inline_asm
